{"ts":"2026-09-26T02:52:02.267Z","operation":"due.selected","tracked":3413,"due":47,"notDue":3366,"selected":47,"domain":"all"}
{"ts":"2026-09-26T02:52:08.921Z","operation":"graphql.fetchRepositories","repository":"47 repos (755596985/Sure-Xu…)","requests":1,"durationMs":6585,"status":200,"rateLimit":{"limit":5000,"remaining":4911,"used":89,"resetAt":"2026-09-26T03:40:34.000Z","resource":"graphql"},"graphqlErrors":2}
{"ts":"2026-09-26T02:52:09.321Z","operation":"starHistory.fetchPage","repository":"apache/dubbo-go p1","requests":1,"durationMs":397,"status":200,"bytes":1592,"rateLimit":{"limit":5000,"remaining":4797,"used":203,"resetAt":"2026-09-26T03:36:58.000Z","resource":"core"}}
{"ts":"2026-09-26T02:52:09.350Z","operation":"starHistory.fetchPage","repository":"labring/sealos p1","requests":1,"durationMs":428,"status":200,"bytes":1706,"rateLimit":{"limit":5000,"remaining":4796,"used":204,"resetAt":"2026-09-26T03:36:58.000Z","resource":"core"}}
{"ts":"2026-09-26T02:52:09.364Z","operation":"starHistory.fetchPage","repository":"okteto/okteto p1","requests":1,"durationMs":439,"status":200,"bytes":1592,"rateLimit":{"limit":5000,"remaining":4794,"used":206,"resetAt":"2026-09-26T03:36:58.000Z","resource":"core"}}
{"ts":"2026-09-26T02:52:09.397Z","operation":"starHistory.fetchPage","repository":"tilt-dev/tilt p1","requests":1,"durationMs":472,"status":200,"bytes":1626,"rateLimit":{"limit":5000,"remaining":4795,"used":205,"resetAt":"2026-09-26T03:36:58.000Z","resource":"core"}}
{"ts":"2026-09-26T02:52:09.661Z","operation":"starHistory.fetchPage","repository":"txn2/kubefwd p1","requests":1,"durationMs":337,"status":200,"bytes":1594,"rateLimit":{"limit":5000,"remaining":4793,"used":207,"resetAt":"2026-09-26T03:36:58.000Z","resource":"core"}}
{"ts":"2026-09-26T02:52:09.674Z","operation":"starHistory.fetchPage","repository":"GoogleCloudPlatform/microservices-demo p1","requests":1,"durationMs":323,"status":200,"bytes":1646,"rateLimit":{"limit":5000,"remaining":4792,"used":208,"resetAt":"2026-09-26T03:36:58.000Z","resource":"core"}}
{"ts":"2026-09-26T02:52:09.715Z","operation":"starHistory.fetchPage","repository":"piomin/sample-spring-microservices-kubernetes p1","requests":1,"durationMs":350,"status":200,"bytes":1593,"rateLimit":{"limit":5000,"remaining":4791,"used":209,"resetAt":"2026-09-26T03:36:58.000Z","resource":"core"}}
{"ts":"2026-09-26T02:52:09.783Z","operation":"starHistory.fetchPage","repository":"yunionio/cloudpods p1","requests":1,"durationMs":385,"status":200,"bytes":1591,"rateLimit":{"limit":5000,"remaining":4790,"used":210,"resetAt":"2026-09-26T03:36:58.000Z","resource":"core"}}
{"ts":"2026-09-26T02:52:09.997Z","operation":"starHistory.fetchPage","repository":"aws/aws-toolkit-vscode p1","requests":1,"durationMs":334,"status":200,"bytes":1591,"rateLimit":{"limit":5000,"remaining":4789,"used":211,"resetAt":"2026-09-26T03:36:58.000Z","resource":"core"}}
{"ts":"2026-09-26T02:52:10.004Z","operation":"starHistory.fetchPage","repository":"ndsev/zserio p1","requests":1,"durationMs":328,"status":200,"bytes":1591,"rateLimit":{"limit":5000,"remaining":4788,"used":212,"resetAt":"2026-09-26T03:36:58.000Z","resource":"core"}}
{"ts":"2026-09-26T02:52:10.080Z","operation":"starHistory.fetchPage","repository":"testcontainers/testcontainers-go p1","requests":1,"durationMs":364,"status":200,"bytes":1606,"rateLimit":{"limit":5000,"remaining":4787,"used":213,"resetAt":"2026-09-26T03:36:58.000Z","resource":"core"}}
{"ts":"2026-09-26T02:52:10.118Z","operation":"starHistory.fetchPage","repository":"apache/dubbo-kubernetes p1","requests":1,"durationMs":334,"status":200,"bytes":1591,"rateLimit":{"limit":5000,"remaining":4786,"used":214,"resetAt":"2026-09-26T03:36:58.000Z","resource":"core"}}
{"ts":"2026-09-26T02:52:10.323Z","operation":"starHistory.fetchPage","repository":"streamthoughts/jikkou p1","requests":1,"durationMs":325,"status":200,"bytes":1591,"rateLimit":{"limit":5000,"remaining":4785,"used":215,"resetAt":"2026-09-26T03:36:58.000Z","resource":"core"}}
{"ts":"2026-09-26T02:52:10.461Z","operation":"starHistory.fetchPage","repository":"midwayjs/midway p1","requests":1,"durationMs":341,"status":200,"bytes":1591,"rateLimit":{"limit":5000,"remaining":4782,"used":218,"resetAt":"2026-09-26T03:36:58.000Z","resource":"core"}}
{"ts":"2026-09-26T02:52:10.469Z","operation":"starHistory.fetchPage","repository":"berty/berty p1","requests":1,"durationMs":465,"status":200,"bytes":1608,"rateLimit":{"limit":5000,"remaining":4784,"used":216,"resetAt":"2026-09-26T03:36:58.000Z","resource":"core"}}
{"ts":"2026-09-26T02:52:10.498Z","operation":"starHistory.fetchPage","repository":"ShaftHQ/SHAFT_ENGINE p1","requests":1,"durationMs":416,"status":200,"bytes":1592,"rateLimit":{"limit":5000,"remaining":4783,"used":217,"resetAt":"2026-09-26T03:36:58.000Z","resource":"core"}}
{"ts":"2026-09-26T02:52:10.637Z","operation":"starHistory.fetchPage","repository":"opensolon/solon p1","requests":1,"durationMs":313,"status":200,"bytes":1593,"rateLimit":{"limit":5000,"remaining":4781,"used":219,"resetAt":"2026-09-26T03:36:58.000Z","resource":"core"}}
{"ts":"2026-09-26T02:52:10.770Z","operation":"starHistory.fetchPage","repository":"quarkusio/quarkus p1","requests":1,"durationMs":307,"status":200,"bytes":1620,"rateLimit":{"limit":5000,"remaining":4780,"used":220,"resetAt":"2026-09-26T03:36:58.000Z","resource":"core"}}
{"ts":"2026-09-26T02:52:10.817Z","operation":"starHistory.fetchPage","repository":"ePages-de/restdocs-api-spec p1","requests":1,"durationMs":347,"status":200,"bytes":1591,"rateLimit":{"limit":5000,"remaining":4779,"used":221,"resetAt":"2026-09-26T03:36:58.000Z","resource":"core"}}
{"ts":"2026-09-26T02:52:10.855Z","operation":"starHistory.fetchPage","repository":"stakater/Reloader p1","requests":1,"durationMs":355,"status":200,"bytes":1624,"rateLimit":{"limit":5000,"remaining":4778,"used":222,"resetAt":"2026-09-26T03:36:58.000Z","resource":"core"}}
{"ts":"2026-09-26T02:52:10.965Z","operation":"starHistory.fetchPage","repository":"YeautyYE/netty-websocket-spring-boot-starter p1","requests":1,"durationMs":325,"status":200,"bytes":1591,"rateLimit":{"limit":5000,"remaining":4777,"used":223,"resetAt":"2026-09-26T03:36:58.000Z","resource":"core"}}
{"ts":"2026-09-26T02:52:11.125Z","operation":"starHistory.fetchPage","repository":"Zeb-D/my-review p1","requests":1,"durationMs":307,"status":200,"bytes":1591,"rateLimit":{"limit":5000,"remaining":4775,"used":225,"resetAt":"2026-09-26T03:36:58.000Z","resource":"core"}}
{"ts":"2026-09-26T02:52:11.194Z","operation":"starHistory.fetchPage","repository":"cvat-ai/cvat p1","requests":1,"durationMs":423,"status":200,"bytes":1672,"rateLimit":{"limit":5000,"remaining":4776,"used":224,"resetAt":"2026-09-26T03:36:58.000Z","resource":"core"}}
{"ts":"2026-09-26T02:52:11.236Z","operation":"starHistory.fetchPage","repository":"mockito/mockito-scala p1","requests":1,"durationMs":380,"status":200,"bytes":1591,"rateLimit":{"limit":5000,"remaining":4774,"used":226,"resetAt":"2026-09-26T03:36:58.000Z","resource":"core"}}
{"ts":"2026-09-26T02:52:11.316Z","operation":"starHistory.fetchPage","repository":"doocs/jvm p1","requests":1,"durationMs":349,"status":200,"bytes":1591,"rateLimit":{"limit":5000,"remaining":4773,"used":227,"resetAt":"2026-09-26T03:36:58.000Z","resource":"core"}}
{"ts":"2026-09-26T02:52:11.455Z","operation":"starHistory.fetchPage","repository":"ikvmnet/ikvm p1","requests":1,"durationMs":329,"status":200,"bytes":1591,"rateLimit":{"limit":5000,"remaining":4772,"used":228,"resetAt":"2026-09-26T03:36:58.000Z","resource":"core"}}
{"ts":"2026-09-26T02:52:11.543Z","operation":"starHistory.fetchPage","repository":"stryker-mutator/stryker4s p1","requests":1,"durationMs":347,"status":200,"bytes":1591,"rateLimit":{"limit":5000,"remaining":4771,"used":229,"resetAt":"2026-09-26T03:36:58.000Z","resource":"core"}}
{"ts":"2026-09-26T02:52:11.645Z","operation":"starHistory.fetchPage","repository":"chanzuckerberg/fogg p1","requests":1,"durationMs":406,"status":200,"bytes":1591,"rateLimit":{"limit":5000,"remaining":4770,"used":230,"resetAt":"2026-09-26T03:36:58.000Z","resource":"core"}}
{"ts":"2026-09-26T02:52:11.648Z","operation":"starHistory.fetchPage","repository":"terraform-aws-modules/terraform-aws-eks p1","requests":1,"durationMs":326,"status":200,"bytes":1592,"rateLimit":{"limit":5000,"remaining":4769,"used":231,"resetAt":"2026-09-26T03:36:58.000Z","resource":"core"}}
{"ts":"2026-09-26T02:52:11.774Z","operation":"starHistory.fetchPage","repository":"hetznercloud/terraform-provider-hcloud p1","requests":1,"durationMs":317,"status":200,"bytes":1591,"rateLimit":{"limit":5000,"remaining":4768,"used":232,"resetAt":"2026-09-26T03:36:58.000Z","resource":"core"}}
{"ts":"2026-09-26T02:52:11.864Z","operation":"starHistory.fetchPage","repository":"jongpie/NebulaLogger p1","requests":1,"durationMs":319,"status":200,"bytes":1591,"rateLimit":{"limit":5000,"remaining":4767,"used":233,"resetAt":"2026-09-26T03:36:58.000Z","resource":"core"}}
{"ts":"2026-09-26T02:52:11.965Z","operation":"starHistory.fetchPage","repository":"badoo/MVIKotlin p1","requests":1,"durationMs":318,"status":200,"bytes":1591,"rateLimit":{"limit":5000,"remaining":4766,"used":234,"resetAt":"2026-09-26T03:36:58.000Z","resource":"core"}}
{"ts":"2026-09-26T02:52:11.969Z","operation":"starHistory.fetchPage","repository":"rieckpil/blog-tutorials p1","requests":1,"durationMs":320,"status":200,"bytes":1591,"rateLimit":{"limit":5000,"remaining":4765,"used":235,"resetAt":"2026-09-26T03:36:58.000Z","resource":"core"}}
{"ts":"2026-09-26T02:52:12.095Z","operation":"starHistory.fetchPage","repository":"wataru-maeda/react-native-boilerplate p1","requests":1,"durationMs":317,"status":200,"bytes":1591,"rateLimit":{"limit":5000,"remaining":4764,"used":236,"resetAt":"2026-09-26T03:36:58.000Z","resource":"core"}}
{"ts":"2026-09-26T02:52:12.193Z","operation":"starHistory.fetchPage","repository":"housepower/clickhouse_sinker p1","requests":1,"durationMs":328,"status":200,"bytes":1591,"rateLimit":{"limit":5000,"remaining":4763,"used":237,"resetAt":"2026-09-26T03:36:58.000Z","resource":"core"}}
{"ts":"2026-09-26T02:52:12.297Z","operation":"starHistory.fetchPage","repository":"bage2014/study p1","requests":1,"durationMs":330,"status":200,"bytes":1591,"rateLimit":{"limit":5000,"remaining":4762,"used":238,"resetAt":"2026-09-26T03:36:58.000Z","resource":"core"}}
{"ts":"2026-09-26T02:52:12.310Z","operation":"starHistory.fetchPage","repository":"GhostWriters/DockSTARTer p1","requests":1,"durationMs":340,"status":200,"bytes":1591,"rateLimit":{"limit":5000,"remaining":4761,"used":239,"resetAt":"2026-09-26T03:36:58.000Z","resource":"core"}}
{"ts":"2026-09-26T02:52:12.450Z","operation":"starHistory.fetchPage","repository":"eksctl-io/eksctl p1","requests":1,"durationMs":353,"status":200,"bytes":1591,"rateLimit":{"limit":5000,"remaining":4760,"used":240,"resetAt":"2026-09-26T03:36:58.000Z","resource":"core"}}
{"ts":"2026-09-26T02:52:12.579Z","operation":"starHistory.fetchPage","repository":"argoproj/argo-events p1","requests":1,"durationMs":379,"status":200,"bytes":1591,"rateLimit":{"limit":5000,"remaining":4759,"used":241,"resetAt":"2026-09-26T03:36:58.000Z","resource":"core"}}
{"ts":"2026-09-26T02:52:12.636Z","operation":"starHistory.fetchPage","repository":"ZoranPandovski/awesome-testing-tools p1","requests":1,"durationMs":323,"status":200,"bytes":1591,"rateLimit":{"limit":5000,"remaining":4757,"used":243,"resetAt":"2026-09-26T03:36:58.000Z","resource":"core"}}
{"ts":"2026-09-26T02:52:12.663Z","operation":"starHistory.fetchPage","repository":"sdv-dev/SDV p1","requests":1,"durationMs":366,"status":200,"bytes":1592,"rateLimit":{"limit":5000,"remaining":4758,"used":242,"resetAt":"2026-09-26T03:36:58.000Z","resource":"core"}}
{"ts":"2026-09-26T02:52:12.801Z","operation":"starHistory.fetchPage","repository":"stefan-jansen/machine-learning-for-trading p1","requests":1,"durationMs":349,"status":200,"bytes":1773,"rateLimit":{"limit":5000,"remaining":4756,"used":244,"resetAt":"2026-09-26T03:36:58.000Z","resource":"core"}}
{"ts":"2026-09-26T02:52:12.935Z","operation":"starHistory.fetchPage","repository":"canonical/microk8s p1","requests":1,"durationMs":355,"status":200,"bytes":1598,"rateLimit":{"limit":5000,"remaining":4755,"used":245,"resetAt":"2026-09-26T03:36:58.000Z","resource":"core"}}
{"ts":"2026-09-26T02:52:12.983Z","operation":"starHistory.fetchPage","repository":"animir/node-rate-limiter-flexible p1","requests":1,"durationMs":343,"status":200,"bytes":1593,"rateLimit":{"limit":5000,"remaining":4754,"used":246,"resetAt":"2026-09-26T03:36:58.000Z","resource":"core"}}
{"ts":"2026-09-26T02:52:13.018Z","operation":"starHistory.fetchPage","repository":"warrensbox/terraform-switcher p1","requests":1,"durationMs":354,"status":200,"bytes":1591,"rateLimit":{"limit":5000,"remaining":4753,"used":247,"resetAt":"2026-09-26T03:36:58.000Z","resource":"core"}}
{"ts":"2026-09-26T02:52:13.794Z","operation":"due.checkpoint","repository":"data/repositories.json","collected":45,"failures":2,"datasetRepositories":3546}
{"ts":"2026-09-26T02:52:13.794Z","operation":"due.done","collected":45,"failures":2,"stoppedBy":null,"durationMs":11528}
