{"ts":"2026-09-26T02:52:14.825Z","operation":"track.transition","repository":"warrensbox/terraform-switcher","trackingVersion":"phase3-v1","from":"UNASSESSED","to":"WARM","reason":"first assessment: WARM because warm:pushedWithin30d&stars>=1000"}
{"ts":"2026-09-26T02:52:14.825Z","operation":"track.transition","repository":"animir/node-rate-limiter-flexible","trackingVersion":"phase3-v1","from":"UNASSESSED","to":"WARM","reason":"first assessment: WARM because warm:pushedWithin30d&stars>=1000"}
{"ts":"2026-09-26T02:52:14.825Z","operation":"track.transition","repository":"canonical/microk8s","trackingVersion":"phase3-v1","from":"UNASSESSED","to":"WARM","reason":"first assessment: WARM because warm:pushedWithin30d&stars>=1000"}
{"ts":"2026-09-26T02:52:14.826Z","operation":"track.transition","repository":"stefan-jansen/machine-learning-for-trading","trackingVersion":"phase3-v1","from":"UNASSESSED","to":"WARM","reason":"first assessment: WARM because warm:starsPerDay7d>=8, warm:starsPerDay30d>=8, warm:pushedWithin30d&stars>=1000"}
{"ts":"2026-09-26T02:52:14.826Z","operation":"track.transition","repository":"ZoranPandovski/awesome-testing-tools","trackingVersion":"phase3-v1","from":"UNASSESSED","to":"DORMANT","reason":"first assessment: DORMANT because dormant:no hot or warm rule passed"}
{"ts":"2026-09-26T02:52:14.826Z","operation":"track.transition","repository":"sdv-dev/SDV","trackingVersion":"phase3-v1","from":"UNASSESSED","to":"WARM","reason":"first assessment: WARM because warm:pushedWithin30d&stars>=1000"}
{"ts":"2026-09-26T02:52:14.826Z","operation":"track.transition","repository":"argoproj/argo-events","trackingVersion":"phase3-v1","from":"UNASSESSED","to":"WARM","reason":"first assessment: WARM because warm:pushedWithin30d&stars>=1000"}
{"ts":"2026-09-26T02:52:14.826Z","operation":"track.transition","repository":"eksctl-io/eksctl","trackingVersion":"phase3-v1","from":"UNASSESSED","to":"WARM","reason":"first assessment: WARM because warm:pushedWithin30d&stars>=1000"}
{"ts":"2026-09-26T02:52:14.826Z","operation":"track.transition","repository":"GhostWriters/DockSTARTer","trackingVersion":"phase3-v1","from":"UNASSESSED","to":"WARM","reason":"first assessment: WARM because warm:pushedWithin30d&stars>=1000"}
{"ts":"2026-09-26T02:52:14.826Z","operation":"track.transition","repository":"bage2014/study","trackingVersion":"phase3-v1","from":"UNASSESSED","to":"DORMANT","reason":"first assessment: DORMANT because dormant:no hot or warm rule passed"}
{"ts":"2026-09-26T02:52:14.826Z","operation":"track.transition","repository":"housepower/clickhouse_sinker","trackingVersion":"phase3-v1","from":"UNASSESSED","to":"DORMANT","reason":"first assessment: DORMANT because dormant:no hot or warm rule passed"}
{"ts":"2026-09-26T02:52:14.826Z","operation":"track.transition","repository":"wataru-maeda/react-native-boilerplate","trackingVersion":"phase3-v1","from":"UNASSESSED","to":"DORMANT","reason":"first assessment: DORMANT because dormant:no hot or warm rule passed"}
{"ts":"2026-09-26T02:52:14.826Z","operation":"track.transition","repository":"rieckpil/blog-tutorials","trackingVersion":"phase3-v1","from":"UNASSESSED","to":"DORMANT","reason":"first assessment: DORMANT because dormant:no hot or warm rule passed"}
{"ts":"2026-09-26T02:52:14.826Z","operation":"track.transition","repository":"badoo/MVIKotlin","trackingVersion":"phase3-v1","from":"UNASSESSED","to":"DORMANT","reason":"first assessment: DORMANT because dormant:no hot or warm rule passed"}
{"ts":"2026-09-26T02:52:14.826Z","operation":"track.transition","repository":"jongpie/NebulaLogger","trackingVersion":"phase3-v1","from":"UNASSESSED","to":"DORMANT","reason":"first assessment: DORMANT because dormant:no hot or warm rule passed"}
{"ts":"2026-09-26T02:52:14.826Z","operation":"track.transition","repository":"hetznercloud/terraform-provider-hcloud","trackingVersion":"phase3-v1","from":"UNASSESSED","to":"DORMANT","reason":"first assessment: DORMANT because dormant:no hot or warm rule passed"}
{"ts":"2026-09-26T02:52:14.826Z","operation":"track.transition","repository":"terraform-aws-modules/terraform-aws-eks","trackingVersion":"phase3-v1","from":"UNASSESSED","to":"WARM","reason":"first assessment: WARM because warm:pushedWithin30d&stars>=1000"}
{"ts":"2026-09-26T02:52:14.826Z","operation":"track.transition","repository":"chanzuckerberg/fogg","trackingVersion":"phase3-v1","from":"UNASSESSED","to":"DORMANT","reason":"first assessment: DORMANT because dormant:no hot or warm rule passed"}
{"ts":"2026-09-26T02:52:14.826Z","operation":"track.transition","repository":"stryker-mutator/stryker4s","trackingVersion":"phase3-v1","from":"UNASSESSED","to":"DORMANT","reason":"first assessment: DORMANT because dormant:no hot or warm rule passed"}
{"ts":"2026-09-26T02:52:14.826Z","operation":"track.transition","repository":"ikvmnet/ikvm","trackingVersion":"phase3-v1","from":"UNASSESSED","to":"WARM","reason":"first assessment: WARM because warm:pushedWithin30d&stars>=1000"}
{"ts":"2026-09-26T02:52:14.826Z","operation":"track.transition","repository":"doocs/jvm","trackingVersion":"phase3-v1","from":"UNASSESSED","to":"WARM","reason":"first assessment: WARM because warm:pushedWithin30d&stars>=1000"}
{"ts":"2026-09-26T02:52:14.826Z","operation":"track.transition","repository":"mockito/mockito-scala","trackingVersion":"phase3-v1","from":"UNASSESSED","to":"DORMANT","reason":"first assessment: DORMANT because dormant:no hot or warm rule passed"}
{"ts":"2026-09-26T02:52:14.826Z","operation":"track.transition","repository":"Zeb-D/my-review","trackingVersion":"phase3-v1","from":"UNASSESSED","to":"DORMANT","reason":"first assessment: DORMANT because dormant:no hot or warm rule passed"}
{"ts":"2026-09-26T02:52:14.826Z","operation":"track.transition","repository":"cvat-ai/cvat","trackingVersion":"phase3-v1","from":"UNASSESSED","to":"WARM","reason":"first assessment: WARM because warm:pushedWithin30d&stars>=1000"}
{"ts":"2026-09-26T02:52:14.826Z","operation":"track.transition","repository":"YeautyYE/netty-websocket-spring-boot-starter","trackingVersion":"phase3-v1","from":"UNASSESSED","to":"WARM","reason":"first assessment: WARM because warm:pushedWithin30d&stars>=1000"}
{"ts":"2026-09-26T02:52:14.826Z","operation":"track.transition","repository":"stakater/Reloader","trackingVersion":"phase3-v1","from":"UNASSESSED","to":"WARM","reason":"first assessment: WARM because warm:pushedWithin30d&stars>=1000"}
{"ts":"2026-09-26T02:52:14.826Z","operation":"track.transition","repository":"ePages-de/restdocs-api-spec","trackingVersion":"phase3-v1","from":"UNASSESSED","to":"DORMANT","reason":"first assessment: DORMANT because dormant:no hot or warm rule passed"}
{"ts":"2026-09-26T02:52:14.826Z","operation":"track.transition","repository":"quarkusio/quarkus","trackingVersion":"phase3-v1","from":"UNASSESSED","to":"WARM","reason":"first assessment: WARM because warm:pushedWithin30d&stars>=1000"}
{"ts":"2026-09-26T02:52:14.826Z","operation":"track.transition","repository":"opensolon/solon","trackingVersion":"phase3-v1","from":"UNASSESSED","to":"WARM","reason":"first assessment: WARM because warm:pushedWithin30d&stars>=1000"}
{"ts":"2026-09-26T02:52:14.826Z","operation":"track.transition","repository":"midwayjs/midway","trackingVersion":"phase3-v1","from":"UNASSESSED","to":"WARM","reason":"first assessment: WARM because warm:pushedWithin30d&stars>=1000"}
{"ts":"2026-09-26T02:52:14.826Z","operation":"track.transition","repository":"ShaftHQ/SHAFT_ENGINE","trackingVersion":"phase3-v1","from":"UNASSESSED","to":"DORMANT","reason":"first assessment: DORMANT because dormant:no hot or warm rule passed"}
{"ts":"2026-09-26T02:52:14.826Z","operation":"track.transition","repository":"berty/berty","trackingVersion":"phase3-v1","from":"UNASSESSED","to":"WARM","reason":"first assessment: WARM because warm:pushedWithin30d&stars>=1000"}
{"ts":"2026-09-26T02:52:14.826Z","operation":"track.transition","repository":"streamthoughts/jikkou","trackingVersion":"phase3-v1","from":"UNASSESSED","to":"DORMANT","reason":"first assessment: DORMANT because dormant:no hot or warm rule passed"}
{"ts":"2026-09-26T02:52:14.826Z","operation":"track.transition","repository":"apache/dubbo-kubernetes","trackingVersion":"phase3-v1","from":"UNASSESSED","to":"DORMANT","reason":"first assessment: DORMANT because dormant:no hot or warm rule passed"}
{"ts":"2026-09-26T02:52:14.826Z","operation":"track.transition","repository":"testcontainers/testcontainers-go","trackingVersion":"phase3-v1","from":"UNASSESSED","to":"WARM","reason":"first assessment: WARM because warm:pushedWithin30d&stars>=1000"}
{"ts":"2026-09-26T02:52:14.826Z","operation":"track.transition","repository":"ndsev/zserio","trackingVersion":"phase3-v1","from":"UNASSESSED","to":"DORMANT","reason":"first assessment: DORMANT because dormant:no hot or warm rule passed"}
{"ts":"2026-09-26T02:52:14.826Z","operation":"track.transition","repository":"aws/aws-toolkit-vscode","trackingVersion":"phase3-v1","from":"UNASSESSED","to":"WARM","reason":"first assessment: WARM because warm:pushedWithin30d&stars>=1000"}
{"ts":"2026-09-26T02:52:14.826Z","operation":"track.transition","repository":"yunionio/cloudpods","trackingVersion":"phase3-v1","from":"UNASSESSED","to":"WARM","reason":"first assessment: WARM because warm:pushedWithin30d&stars>=1000"}
{"ts":"2026-09-26T02:52:14.826Z","operation":"track.transition","repository":"piomin/sample-spring-microservices-kubernetes","trackingVersion":"phase3-v1","from":"UNASSESSED","to":"DORMANT","reason":"first assessment: DORMANT because dormant:no hot or warm rule passed"}
{"ts":"2026-09-26T02:52:14.826Z","operation":"track.transition","repository":"GoogleCloudPlatform/microservices-demo","trackingVersion":"phase3-v1","from":"UNASSESSED","to":"WARM","reason":"first assessment: WARM because warm:pushedWithin30d&stars>=1000"}
{"ts":"2026-09-26T02:52:14.826Z","operation":"track.transition","repository":"txn2/kubefwd","trackingVersion":"phase3-v1","from":"UNASSESSED","to":"WARM","reason":"first assessment: WARM because warm:pushedWithin30d&stars>=1000"}
{"ts":"2026-09-26T02:52:14.826Z","operation":"track.transition","repository":"okteto/okteto","trackingVersion":"phase3-v1","from":"UNASSESSED","to":"WARM","reason":"first assessment: WARM because warm:pushedWithin30d&stars>=1000"}
{"ts":"2026-09-26T02:52:14.826Z","operation":"track.transition","repository":"tilt-dev/tilt","trackingVersion":"phase3-v1","from":"UNASSESSED","to":"WARM","reason":"first assessment: WARM because warm:pushedWithin30d&stars>=1000"}
{"ts":"2026-09-26T02:52:14.826Z","operation":"track.transition","repository":"apache/dubbo-go","trackingVersion":"phase3-v1","from":"UNASSESSED","to":"WARM","reason":"first assessment: WARM because warm:pushedWithin30d&stars>=1000"}
{"ts":"2026-09-26T02:52:14.826Z","operation":"track.transition","repository":"labring/sealos","trackingVersion":"phase3-v1","from":"UNASSESSED","to":"WARM","reason":"first assessment: WARM because warm:pushedWithin30d&stars>=1000"}
{"ts":"2026-09-26T02:52:14.848Z","operation":"track.done","repository":"data/tracked/tracked.json","trackingVersion":"phase3-v1","durationMs":46,"HOT":219,"WARM":2249,"DORMANT":943,"UNASSESSED":2}
